C:\apache-maven\bin\mvn.cmd : WARNING: A restricted method in java.lang.System 
has been called
At line:1 char:1
+ C:\apache-maven\bin\mvn.cmd clean compile 2>&1 | Tee-Object -FilePath ...
+ ~~~~~~~~~~~~~~~~~~~~~~~~~~~~~~~~~~~~~~~~~~~~~~
    + CategoryInfo          : NotSpecified: (WARNING: A rest...has been called 
   :String) [], RemoteException
    + FullyQualifiedErrorId : NativeCommandError
 
WARNING: java.lang.System::load has been called by 
org.fusesource.jansi.internal.JansiLoader in an unnamed module 
(file:/C:/apache-maven/lib/jansi-2.4.0.jar)
WARNING: Use --enable-native-access=ALL-UNNAMED to avoid a warning for callers 
in this module
WARNING: Restricted methods will be blocked in a future release unless native 
access is enabled

WARNING: A terminally deprecated method in sun.misc.Unsafe has been called
WARNING: sun.misc.Unsafe::objectFieldOffset has been called by 
com.google.common.util.concurrent.AbstractFuture$UnsafeAtomicHelper 
(file:/C:/apache-maven/lib/guava-32.0.1-jre.jar)
WARNING: Please consider reporting this to the maintainers of class 
com.google.common.util.concurrent.AbstractFuture$UnsafeAtomicHelper
WARNING: sun.misc.Unsafe::objectFieldOffset will be removed in a future release
[INFO] Scanning for projects...
[INFO] 
[INFO] -----------------< com.restaurant:QuanLyDatBanNhaHang >-----------------
[INFO] Building QuanLyDatBanNhaHang 1.0-SNAPSHOT
[INFO]   from pom.xml
[INFO] --------------------------------[ jar ]---------------------------------
[INFO] 
[INFO] --- clean:3.2.0:clean (default-clean) @ QuanLyDatBanNhaHang ---
[INFO] Deleting C:\QuanLyNhaHangTranLong\target
[INFO] 
[INFO] --- resources:3.3.1:resources (default-resources) @ QuanLyDatBanNhaHang ---
[INFO] Copying 62 resources from src\main\resources to target\classes
[INFO] 
[INFO] --- compiler:3.11.0:compile (default-compile) @ QuanLyDatBanNhaHang ---
[INFO] Changes detected - recompiling the module! :source
[INFO] Compiling 101 source files with javac [debug release 17] to target\classes
[INFO] -------------------------------------------------------------
[ERROR] COMPILATION ERROR : 
[INFO] -------------------------------------------------------------
[ERROR] /C:/QuanLyNhaHangTranLong/src/main/java/com/restaurant/quanlydatbannhahang/gui/PanelThongKe.java:[154,63] cannot find symbol
  symbol:   method getTopKhachHangThongKe(<nulltype>)
  location: variable khachHangService of type com.restaurant.quanlydatbannhahang.service.KhachHangService
[ERROR] /C:/QuanLyNhaHangTranLong/src/main/java/com/restaurant/quanlydatbannhahang/gui/PanelThongKe.java:[568,63] cannot find symbol
  symbol:   method getTopKhachHangThongKe(java.time.LocalDate)
  location: variable khachHangService of type com.restaurant.quanlydatbannhahang.service.KhachHangService
[INFO] 2 errors 
[INFO] -------------------------------------------------------------
[INFO] ------------------------------------------------------------------------
[INFO] BUILD FAILURE
[INFO] ------------------------------------------------------------------------
[INFO] Total time:  3.759 s
[INFO] Finished at: 2026-05-20T11:36:34+07:00
[INFO] ------------------------------------------------------------------------
[ERROR] Failed to execute goal org.apache.maven.plugins:maven-compiler-plugin:3.11.0:compile (default-compile) on project QuanLyDatBanNhaHang: Compilation failure: Compilation failure: 
[ERROR] /C:/QuanLyNhaHangTranLong/src/main/java/com/restaurant/quanlydatbannhahang/gui/PanelThongKe.java:[154,63] cannot find symbol
[ERROR]   symbol:   method getTopKhachHangThongKe(<nulltype>)
[ERROR]   location: variable khachHangService of type com.restaurant.quanlydatbannhahang.service.KhachHangService
[ERROR] /C:/QuanLyNhaHangTranLong/src/main/java/com/restaurant/quanlydatbannhahang/gui/PanelThongKe.java:[568,63] cannot find symbol
[ERROR]   symbol:   method getTopKhachHangThongKe(java.time.LocalDate)
[ERROR]   location: variable khachHangService of type com.restaurant.quanlydatbannhahang.service.KhachHangService
[ERROR] -> [Help 1]
[ERROR] 
[ERROR] To see the full stack trace of the errors, re-run Maven with the -e switch.
[ERROR] Re-run Maven using the -X switch to enable full debug logging.
[ERROR] 
[ERROR] For more information about the errors and possible solutions, please read the following articles:
[ERROR] [Help 1] http://cwiki.apache.org/confluence/display/MAVEN/MojoFailureException
